label: gpt
label-id: 72F194A8-0BE4-45DD-93D7-B6100F2AA17C
device: /dev/vda
unit: sectors
first-lba: 34
last-lba: 419430366

/dev/vda1 : start=        4096, size=      262144, type=C12A7328-F81F-11D2-BA4B-00A0C93EC93B, uuid=B8213212-66D9-4F0B-ABA6-2DF1FF3B25A3, name="EFI-SYSTEM", attrs="LegacyBIOSBootable"
/dev/vda2 : start=      266240, size=        4096, type=21686148-6449-6E6F-744E-656564454649, uuid=B31AF2C7-FA9E-47CF-B005-E52395E40131, name="BIOS-BOOT"
/dev/vda3 : start=      270336, size=     2097152, type=5DFBF5F4-2848-4BAC-AA5E-0D9A20B745A6, uuid=7130C94A-213A-4E5A-8E26-6CCE9662F132, name="USR-A", attrs="GUID:48,56"
/dev/vda4 : start=     2367488, size=     2097152, type=5DFBF5F4-2848-4BAC-AA5E-0D9A20B745A6, uuid=E03DD35C-7C2D-4A47-B3FE-27F15780A57C, name="USR-B"
/dev/vda5 : start=   104857600, size=    62914560, type=0FC63DAF-8483-4772-8E79-3D69D8477DE4, uuid=AE359F73-6881-4E71-ADB9-3103ED95F57C
/dev/vda6 : start=     4464640, size=      262144, type=0FC63DAF-8483-4772-8E79-3D69D8477DE4, uuid=68173C5B-DDED-41BB-BEEE-3F117CA27B18, name="OEM"
/dev/vda7 : start=     4726784, size=      131072, type=C95DC21A-DF0E-4340-8D7B-26CBFA9A03E0, uuid=A60F0890-E786-4C2D-A82C-15FB7025F019, name="OEM-CONFIG"
/dev/vda8 : start=   167772160, size=    62914560, type=0FC63DAF-8483-4772-8E79-3D69D8477DE4, uuid=AF466E65-EF10-4252-9EDB-38B09A8CEBA1
/dev/vda9 : start=     4857856, size=    99999711, type=3884DD41-8582-4404-B9A8-E9B84F2DF50E, uuid=E402474B-5D3D-4085-BE25-600E3E2E783E, name="ROOT"
/dev/vda10 : start=   230686720, size=    62914560, type=0FC63DAF-8483-4772-8E79-3D69D8477DE4, uuid=6E45B043-D55E-4B0F-8A4C-BE8FDF1F7D4E
/dev/vda11 : start=   293601280, size=    62914560, type=0FC63DAF-8483-4772-8E79-3D69D8477DE4, uuid=93262C73-0698-4F54-8179-2A585ED5FCE3
/dev/vda12 : start=   356515840, size=    62914527, type=0FC63DAF-8483-4772-8E79-3D69D8477DE4, uuid=808D40C4-2027-4234-BBA1-F95EE3049274